2026-05-02 13:11:10,329 [INFO] src.io_utils: Logging to file: outputs/evaluate_models.log
2026-05-02 13:11:10,329 [INFO] __main__: Args: {'queries_path': 'data/retrieval_eval_queries_v1.jsonl', 'config': 'configs/embedding_models.yaml', 'embeddings_root': 'outputs/embeddings', 'model_keys': ['e5_large', 'e5_large_instruct', 'bge_m3', 'mpnet_multilingual'], 'output_dir': 'outputs', 'device': 'auto', 'top_k': 10, 'verbose': False}
2026-05-02 13:11:10,331 [INFO] __main__: Loaded 50 evaluation queries from data/retrieval_eval_queries_v1.jsonl
2026-05-02 13:11:10,388 [INFO] __main__: [e5_large] Loaded 3702 embeddings (dim=1024) from outputs/embeddings/e5_large
2026-05-02 13:11:21,615 [INFO] src.embedding_models: Loading sentence-transformers model intfloat/multilingual-e5-large on device cpu
2026-05-02 13:11:22,191 [INFO] httpx: HTTP Request: HEAD https://huggingface.co/intfloat/multilingual-e5-large/resolve/main/modules.json "HTTP/1.1 307 Temporary Redirect"
2026-05-02 13:11:22,248 [INFO] httpx: HTTP Request: HEAD https://huggingface.co/api/resolve-cache/models/intfloat/multilingual-e5-large/3d7cfbdacd47fdda877c5cd8a79fbcc4f2a574f3/modules.json "HTTP/1.1 200 OK"
2026-05-02 13:11:22,310 [INFO] httpx: HTTP Request: GET https://huggingface.co/api/resolve-cache/models/intfloat/multilingual-e5-large/3d7cfbdacd47fdda877c5cd8a79fbcc4f2a574f3/modules.json "HTTP/1.1 200 OK"
2026-05-02 13:11:22,472 [INFO] httpx: HTTP Request: HEAD https://huggingface.co/intfloat/multilingual-e5-large/resolve/main/config_sentence_transformers.json "HTTP/1.1 404 Not Found"
2026-05-02 13:11:22,475 [INFO] sentence_transformers.base.model: Loading SentenceTransformer model from intfloat/multilingual-e5-large.
2026-05-02 13:11:22,638 [INFO] httpx: HTTP Request: HEAD https://huggingface.co/intfloat/multilingual-e5-large/resolve/main/config_sentence_transformers.json "HTTP/1.1 404 Not Found"
2026-05-02 13:11:22,639 [WARNING] huggingface_hub.utils._http: Warning: You are sending unauthenticated requests to the HF Hub. Please set a HF_TOKEN to enable higher rate limits and faster downloads.
2026-05-02 13:11:22,809 [INFO] httpx: HTTP Request: HEAD https://huggingface.co/intfloat/multilingual-e5-large/resolve/main/README.md "HTTP/1.1 307 Temporary Redirect"
2026-05-02 13:11:22,864 [INFO] httpx: HTTP Request: HEAD https://huggingface.co/api/resolve-cache/models/intfloat/multilingual-e5-large/3d7cfbdacd47fdda877c5cd8a79fbcc4f2a574f3/README.md "HTTP/1.1 200 OK"
2026-05-02 13:11:22,929 [INFO] httpx: HTTP Request: GET https://huggingface.co/api/resolve-cache/models/intfloat/multilingual-e5-large/3d7cfbdacd47fdda877c5cd8a79fbcc4f2a574f3/README.md "HTTP/1.1 200 OK"
2026-05-02 13:11:23,121 [INFO] httpx: HTTP Request: HEAD https://huggingface.co/intfloat/multilingual-e5-large/resolve/main/modules.json "HTTP/1.1 307 Temporary Redirect"
2026-05-02 13:11:23,177 [INFO] httpx: HTTP Request: HEAD https://huggingface.co/api/resolve-cache/models/intfloat/multilingual-e5-large/3d7cfbdacd47fdda877c5cd8a79fbcc4f2a574f3/modules.json "HTTP/1.1 200 OK"
2026-05-02 13:11:23,343 [INFO] httpx: HTTP Request: HEAD https://huggingface.co/intfloat/multilingual-e5-large/resolve/main/sentence_bert_config.json "HTTP/1.1 307 Temporary Redirect"
2026-05-02 13:11:23,401 [INFO] httpx: HTTP Request: HEAD https://huggingface.co/api/resolve-cache/models/intfloat/multilingual-e5-large/3d7cfbdacd47fdda877c5cd8a79fbcc4f2a574f3/sentence_bert_config.json "HTTP/1.1 200 OK"
2026-05-02 13:11:23,460 [INFO] httpx: HTTP Request: GET https://huggingface.co/api/resolve-cache/models/intfloat/multilingual-e5-large/3d7cfbdacd47fdda877c5cd8a79fbcc4f2a574f3/sentence_bert_config.json "HTTP/1.1 200 OK"
2026-05-02 13:11:23,621 [INFO] httpx: HTTP Request: HEAD https://huggingface.co/intfloat/multilingual-e5-large/resolve/main/adapter_config.json "HTTP/1.1 404 Not Found"
2026-05-02 13:11:23,782 [INFO] httpx: HTTP Request: HEAD https://huggingface.co/intfloat/multilingual-e5-large/resolve/main/config.json "HTTP/1.1 307 Temporary Redirect"
2026-05-02 13:11:23,839 [INFO] httpx: HTTP Request: HEAD https://huggingface.co/api/resolve-cache/models/intfloat/multilingual-e5-large/3d7cfbdacd47fdda877c5cd8a79fbcc4f2a574f3/config.json "HTTP/1.1 200 OK"
2026-05-02 13:11:23,900 [INFO] httpx: HTTP Request: GET https://huggingface.co/api/resolve-cache/models/intfloat/multilingual-e5-large/3d7cfbdacd47fdda877c5cd8a79fbcc4f2a574f3/config.json "HTTP/1.1 200 OK"
2026-05-02 13:11:24,100 [INFO] httpx: HTTP Request: HEAD https://huggingface.co/intfloat/multilingual-e5-large/resolve/main/model.safetensors "HTTP/1.1 302 Found"
2026-05-02 13:11:24,551 [INFO] httpx: HTTP Request: GET https://huggingface.co/api/models/intfloat/multilingual-e5-large/xet-read-token/3d7cfbdacd47fdda877c5cd8a79fbcc4f2a574f3 "HTTP/1.1 200 OK"
2026-05-02 13:20:06,052 [INFO] src.io_utils: Logging to file: outputs/evaluate_models.log
2026-05-02 13:20:06,052 [INFO] __main__: Args: {'queries_path': 'data/retrieval_eval_queries_v1.jsonl', 'config': 'configs/embedding_models.yaml', 'embeddings_root': 'outputs/embeddings', 'model_keys': ['e5_large', 'e5_large_instruct', 'bge_m3', 'mpnet_multilingual'], 'output_dir': 'outputs', 'device': 'auto', 'top_k': 10, 'verbose': False}
2026-05-02 13:20:06,053 [INFO] __main__: Loaded 50 evaluation queries from data/retrieval_eval_queries_v1.jsonl
2026-05-02 13:20:06,114 [INFO] __main__: [e5_large] Loaded 3702 embeddings (dim=1024) from outputs/embeddings/e5_large
2026-05-02 13:20:09,504 [INFO] src.embedding_models: Loading sentence-transformers model intfloat/multilingual-e5-large on device cpu
2026-05-02 13:20:09,892 [INFO] httpx: HTTP Request: HEAD https://huggingface.co/intfloat/multilingual-e5-large/resolve/main/modules.json "HTTP/1.1 307 Temporary Redirect"
2026-05-02 13:20:09,958 [INFO] httpx: HTTP Request: HEAD https://huggingface.co/api/resolve-cache/models/intfloat/multilingual-e5-large/3d7cfbdacd47fdda877c5cd8a79fbcc4f2a574f3/modules.json "HTTP/1.1 200 OK"
2026-05-02 13:20:10,118 [INFO] httpx: HTTP Request: HEAD https://huggingface.co/intfloat/multilingual-e5-large/resolve/main/config_sentence_transformers.json "HTTP/1.1 404 Not Found"
2026-05-02 13:20:10,120 [INFO] sentence_transformers.base.model: Loading SentenceTransformer model from intfloat/multilingual-e5-large.
2026-05-02 13:20:10,277 [INFO] httpx: HTTP Request: HEAD https://huggingface.co/intfloat/multilingual-e5-large/resolve/main/config_sentence_transformers.json "HTTP/1.1 404 Not Found"
2026-05-02 13:20:10,277 [WARNING] huggingface_hub.utils._http: Warning: You are sending unauthenticated requests to the HF Hub. Please set a HF_TOKEN to enable higher rate limits and faster downloads.
2026-05-02 13:20:10,436 [INFO] httpx: HTTP Request: HEAD https://huggingface.co/intfloat/multilingual-e5-large/resolve/main/README.md "HTTP/1.1 307 Temporary Redirect"
2026-05-02 13:20:10,491 [INFO] httpx: HTTP Request: HEAD https://huggingface.co/api/resolve-cache/models/intfloat/multilingual-e5-large/3d7cfbdacd47fdda877c5cd8a79fbcc4f2a574f3/README.md "HTTP/1.1 200 OK"
2026-05-02 13:20:10,651 [INFO] httpx: HTTP Request: HEAD https://huggingface.co/intfloat/multilingual-e5-large/resolve/main/modules.json "HTTP/1.1 307 Temporary Redirect"
2026-05-02 13:20:10,709 [INFO] httpx: HTTP Request: HEAD https://huggingface.co/api/resolve-cache/models/intfloat/multilingual-e5-large/3d7cfbdacd47fdda877c5cd8a79fbcc4f2a574f3/modules.json "HTTP/1.1 200 OK"
2026-05-02 13:20:10,931 [INFO] httpx: HTTP Request: HEAD https://huggingface.co/intfloat/multilingual-e5-large/resolve/main/sentence_bert_config.json "HTTP/1.1 307 Temporary Redirect"
2026-05-02 13:20:10,988 [INFO] httpx: HTTP Request: HEAD https://huggingface.co/api/resolve-cache/models/intfloat/multilingual-e5-large/3d7cfbdacd47fdda877c5cd8a79fbcc4f2a574f3/sentence_bert_config.json "HTTP/1.1 200 OK"
2026-05-02 13:20:11,153 [INFO] httpx: HTTP Request: HEAD https://huggingface.co/intfloat/multilingual-e5-large/resolve/main/adapter_config.json "HTTP/1.1 404 Not Found"
2026-05-02 13:20:11,315 [INFO] httpx: HTTP Request: HEAD https://huggingface.co/intfloat/multilingual-e5-large/resolve/main/config.json "HTTP/1.1 307 Temporary Redirect"
2026-05-02 13:20:11,371 [INFO] httpx: HTTP Request: HEAD https://huggingface.co/api/resolve-cache/models/intfloat/multilingual-e5-large/3d7cfbdacd47fdda877c5cd8a79fbcc4f2a574f3/config.json "HTTP/1.1 200 OK"
2026-05-02 13:20:11,556 [INFO] httpx: HTTP Request: HEAD https://huggingface.co/intfloat/multilingual-e5-large/resolve/main/model.safetensors "HTTP/1.1 302 Found"
2026-05-02 13:20:11,738 [INFO] httpx: HTTP Request: GET https://huggingface.co/api/models/intfloat/multilingual-e5-large/xet-read-token/3d7cfbdacd47fdda877c5cd8a79fbcc4f2a574f3 "HTTP/1.1 200 OK"
2026-05-02 13:24:08,663 [INFO] httpx: HTTP Request: HEAD https://huggingface.co/intfloat/multilingual-e5-large/resolve/main/processor_config.json "HTTP/1.1 404 Not Found"
2026-05-02 13:24:08,839 [INFO] httpx: HTTP Request: HEAD https://huggingface.co/intfloat/multilingual-e5-large/resolve/main/preprocessor_config.json "HTTP/1.1 404 Not Found"
2026-05-02 13:24:08,997 [INFO] httpx: HTTP Request: HEAD https://huggingface.co/intfloat/multilingual-e5-large/resolve/main/video_preprocessor_config.json "HTTP/1.1 404 Not Found"
2026-05-02 13:24:09,158 [INFO] httpx: HTTP Request: HEAD https://huggingface.co/intfloat/multilingual-e5-large/resolve/main/preprocessor_config.json "HTTP/1.1 404 Not Found"
2026-05-02 13:24:09,326 [INFO] httpx: HTTP Request: HEAD https://huggingface.co/intfloat/multilingual-e5-large/resolve/main/tokenizer_config.json "HTTP/1.1 307 Temporary Redirect"
2026-05-02 13:24:09,454 [INFO] httpx: HTTP Request: HEAD https://huggingface.co/api/resolve-cache/models/intfloat/multilingual-e5-large/3d7cfbdacd47fdda877c5cd8a79fbcc4f2a574f3/tokenizer_config.json "HTTP/1.1 200 OK"
2026-05-02 13:24:09,515 [INFO] httpx: HTTP Request: GET https://huggingface.co/api/resolve-cache/models/intfloat/multilingual-e5-large/3d7cfbdacd47fdda877c5cd8a79fbcc4f2a574f3/tokenizer_config.json "HTTP/1.1 200 OK"
2026-05-02 13:24:09,681 [INFO] httpx: HTTP Request: HEAD https://huggingface.co/intfloat/multilingual-e5-large/resolve/main/config.json "HTTP/1.1 307 Temporary Redirect"
2026-05-02 13:24:09,738 [INFO] httpx: HTTP Request: HEAD https://huggingface.co/api/resolve-cache/models/intfloat/multilingual-e5-large/3d7cfbdacd47fdda877c5cd8a79fbcc4f2a574f3/config.json "HTTP/1.1 200 OK"
2026-05-02 13:24:09,904 [INFO] httpx: HTTP Request: HEAD https://huggingface.co/intfloat/multilingual-e5-large/resolve/main/config.json "HTTP/1.1 307 Temporary Redirect"
2026-05-02 13:24:09,959 [INFO] httpx: HTTP Request: HEAD https://huggingface.co/api/resolve-cache/models/intfloat/multilingual-e5-large/3d7cfbdacd47fdda877c5cd8a79fbcc4f2a574f3/config.json "HTTP/1.1 200 OK"
2026-05-02 13:24:10,127 [INFO] httpx: HTTP Request: HEAD https://huggingface.co/intfloat/multilingual-e5-large/resolve/main/tokenizer_config.json "HTTP/1.1 307 Temporary Redirect"
2026-05-02 13:24:10,186 [INFO] httpx: HTTP Request: HEAD https://huggingface.co/api/resolve-cache/models/intfloat/multilingual-e5-large/3d7cfbdacd47fdda877c5cd8a79fbcc4f2a574f3/tokenizer_config.json "HTTP/1.1 200 OK"
2026-05-02 13:24:10,353 [INFO] httpx: HTTP Request: GET https://huggingface.co/api/models/intfloat/multilingual-e5-large/tree/main/additional_chat_templates?recursive=false&expand=false "HTTP/1.1 404 Not Found"
2026-05-02 13:24:10,518 [INFO] httpx: HTTP Request: GET https://huggingface.co/api/models/intfloat/multilingual-e5-large/tree/main?recursive=true&expand=false "HTTP/1.1 200 OK"
2026-05-02 13:24:10,683 [INFO] httpx: HTTP Request: HEAD https://huggingface.co/intfloat/multilingual-e5-large/resolve/main/sentencepiece.bpe.model "HTTP/1.1 302 Found"
2026-05-02 13:24:13,677 [INFO] httpx: HTTP Request: HEAD https://huggingface.co/intfloat/multilingual-e5-large/resolve/main/tokenizer.json "HTTP/1.1 302 Found"
2026-05-02 13:24:15,252 [INFO] httpx: HTTP Request: HEAD https://huggingface.co/intfloat/multilingual-e5-large/resolve/main/added_tokens.json "HTTP/1.1 404 Not Found"
2026-05-02 13:24:15,449 [INFO] httpx: HTTP Request: HEAD https://huggingface.co/intfloat/multilingual-e5-large/resolve/main/special_tokens_map.json "HTTP/1.1 307 Temporary Redirect"
2026-05-02 13:24:15,512 [INFO] httpx: HTTP Request: HEAD https://huggingface.co/api/resolve-cache/models/intfloat/multilingual-e5-large/3d7cfbdacd47fdda877c5cd8a79fbcc4f2a574f3/special_tokens_map.json "HTTP/1.1 200 OK"
2026-05-02 13:24:15,573 [INFO] httpx: HTTP Request: GET https://huggingface.co/api/resolve-cache/models/intfloat/multilingual-e5-large/3d7cfbdacd47fdda877c5cd8a79fbcc4f2a574f3/special_tokens_map.json "HTTP/1.1 200 OK"
2026-05-02 13:24:15,740 [INFO] httpx: HTTP Request: HEAD https://huggingface.co/intfloat/multilingual-e5-large/resolve/main/chat_template.jinja "HTTP/1.1 404 Not Found"
2026-05-02 13:24:17,011 [INFO] httpx: HTTP Request: GET https://huggingface.co/api/models/intfloat/multilingual-e5-large "HTTP/1.1 200 OK"
2026-05-02 13:24:17,299 [INFO] httpx: HTTP Request: HEAD https://huggingface.co/intfloat/multilingual-e5-large/resolve/main/1_Pooling/config.json "HTTP/1.1 307 Temporary Redirect"
2026-05-02 13:24:17,359 [INFO] httpx: HTTP Request: HEAD https://huggingface.co/api/resolve-cache/models/intfloat/multilingual-e5-large/3d7cfbdacd47fdda877c5cd8a79fbcc4f2a574f3/1_Pooling%2Fconfig.json "HTTP/1.1 200 OK"
2026-05-02 13:24:17,421 [INFO] httpx: HTTP Request: GET https://huggingface.co/api/resolve-cache/models/intfloat/multilingual-e5-large/3d7cfbdacd47fdda877c5cd8a79fbcc4f2a574f3/1_Pooling%2Fconfig.json "HTTP/1.1 200 OK"
2026-05-02 13:24:17,599 [INFO] httpx: HTTP Request: GET https://huggingface.co/api/models/intfloat/multilingual-e5-large "HTTP/1.1 200 OK"
2026-05-02 13:24:22,411 [INFO] __main__: [e5_large] Detailed results: outputs/retrieval_results/e5_large_detailed_results.jsonl
2026-05-02 13:24:22,415 [INFO] __main__: [e5_large] recall@5=1.000 precision@5=0.592 mrr=0.901 hit@1=0.860 hit@5=1.000 hit@10=1.000
2026-05-02 13:24:22,473 [INFO] __main__: [e5_large_instruct] Loaded 3702 embeddings (dim=1024) from outputs/embeddings/e5_large_instruct
2026-05-02 13:24:22,475 [INFO] src.embedding_models: Loading sentence-transformers model intfloat/multilingual-e5-large-instruct on device cpu
2026-05-02 13:24:22,634 [INFO] httpx: HTTP Request: HEAD https://huggingface.co/intfloat/multilingual-e5-large-instruct/resolve/main/modules.json "HTTP/1.1 307 Temporary Redirect"
2026-05-02 13:24:22,694 [INFO] httpx: HTTP Request: HEAD https://huggingface.co/api/resolve-cache/models/intfloat/multilingual-e5-large-instruct/274baa43b0e13e37fafa6428dbc7938e62e5c439/modules.json "HTTP/1.1 200 OK"
2026-05-02 13:24:22,762 [INFO] httpx: HTTP Request: GET https://huggingface.co/api/resolve-cache/models/intfloat/multilingual-e5-large-instruct/274baa43b0e13e37fafa6428dbc7938e62e5c439/modules.json "HTTP/1.1 200 OK"
2026-05-02 13:24:22,925 [INFO] httpx: HTTP Request: HEAD https://huggingface.co/intfloat/multilingual-e5-large-instruct/resolve/main/config_sentence_transformers.json "HTTP/1.1 307 Temporary Redirect"
2026-05-02 13:24:22,987 [INFO] httpx: HTTP Request: HEAD https://huggingface.co/api/resolve-cache/models/intfloat/multilingual-e5-large-instruct/274baa43b0e13e37fafa6428dbc7938e62e5c439/config_sentence_transformers.json "HTTP/1.1 200 OK"
2026-05-02 13:24:23,045 [INFO] httpx: HTTP Request: GET https://huggingface.co/api/resolve-cache/models/intfloat/multilingual-e5-large-instruct/274baa43b0e13e37fafa6428dbc7938e62e5c439/config_sentence_transformers.json "HTTP/1.1 200 OK"
2026-05-02 13:24:23,049 [INFO] sentence_transformers.base.model: Loading SentenceTransformer model from intfloat/multilingual-e5-large-instruct.
2026-05-02 13:24:23,211 [INFO] httpx: HTTP Request: HEAD https://huggingface.co/intfloat/multilingual-e5-large-instruct/resolve/main/config_sentence_transformers.json "HTTP/1.1 307 Temporary Redirect"
2026-05-02 13:24:23,272 [INFO] httpx: HTTP Request: HEAD https://huggingface.co/api/resolve-cache/models/intfloat/multilingual-e5-large-instruct/274baa43b0e13e37fafa6428dbc7938e62e5c439/config_sentence_transformers.json "HTTP/1.1 200 OK"
2026-05-02 13:24:23,436 [INFO] httpx: HTTP Request: HEAD https://huggingface.co/intfloat/multilingual-e5-large-instruct/resolve/main/README.md "HTTP/1.1 307 Temporary Redirect"
2026-05-02 13:24:23,498 [INFO] httpx: HTTP Request: HEAD https://huggingface.co/api/resolve-cache/models/intfloat/multilingual-e5-large-instruct/274baa43b0e13e37fafa6428dbc7938e62e5c439/README.md "HTTP/1.1 200 OK"
2026-05-02 13:24:23,558 [INFO] httpx: HTTP Request: GET https://huggingface.co/api/resolve-cache/models/intfloat/multilingual-e5-large-instruct/274baa43b0e13e37fafa6428dbc7938e62e5c439/README.md "HTTP/1.1 200 OK"
2026-05-02 13:24:23,731 [INFO] httpx: HTTP Request: HEAD https://huggingface.co/intfloat/multilingual-e5-large-instruct/resolve/main/modules.json "HTTP/1.1 307 Temporary Redirect"
2026-05-02 13:24:23,791 [INFO] httpx: HTTP Request: HEAD https://huggingface.co/api/resolve-cache/models/intfloat/multilingual-e5-large-instruct/274baa43b0e13e37fafa6428dbc7938e62e5c439/modules.json "HTTP/1.1 200 OK"
2026-05-02 13:24:23,961 [INFO] httpx: HTTP Request: HEAD https://huggingface.co/intfloat/multilingual-e5-large-instruct/resolve/main/sentence_bert_config.json "HTTP/1.1 404 Not Found"
2026-05-02 13:24:24,143 [INFO] httpx: HTTP Request: HEAD https://huggingface.co/intfloat/multilingual-e5-large-instruct/resolve/main/sentence_roberta_config.json "HTTP/1.1 404 Not Found"
2026-05-02 13:24:24,311 [INFO] httpx: HTTP Request: HEAD https://huggingface.co/intfloat/multilingual-e5-large-instruct/resolve/main/sentence_distilbert_config.json "HTTP/1.1 404 Not Found"
2026-05-02 13:24:24,472 [INFO] httpx: HTTP Request: HEAD https://huggingface.co/intfloat/multilingual-e5-large-instruct/resolve/main/sentence_camembert_config.json "HTTP/1.1 404 Not Found"
2026-05-02 13:24:24,640 [INFO] httpx: HTTP Request: HEAD https://huggingface.co/intfloat/multilingual-e5-large-instruct/resolve/main/sentence_albert_config.json "HTTP/1.1 404 Not Found"
2026-05-02 13:24:24,801 [INFO] httpx: HTTP Request: HEAD https://huggingface.co/intfloat/multilingual-e5-large-instruct/resolve/main/sentence_xlm-roberta_config.json "HTTP/1.1 307 Temporary Redirect"
2026-05-02 13:24:24,866 [INFO] httpx: HTTP Request: HEAD https://huggingface.co/api/resolve-cache/models/intfloat/multilingual-e5-large-instruct/274baa43b0e13e37fafa6428dbc7938e62e5c439/sentence_xlm-roberta_config.json "HTTP/1.1 200 OK"
2026-05-02 13:24:24,939 [INFO] httpx: HTTP Request: GET https://huggingface.co/api/resolve-cache/models/intfloat/multilingual-e5-large-instruct/274baa43b0e13e37fafa6428dbc7938e62e5c439/sentence_xlm-roberta_config.json "HTTP/1.1 200 OK"
2026-05-02 13:24:25,109 [INFO] httpx: HTTP Request: HEAD https://huggingface.co/intfloat/multilingual-e5-large-instruct/resolve/main/adapter_config.json "HTTP/1.1 404 Not Found"
2026-05-02 13:24:25,279 [INFO] httpx: HTTP Request: HEAD https://huggingface.co/intfloat/multilingual-e5-large-instruct/resolve/main/config.json "HTTP/1.1 307 Temporary Redirect"
2026-05-02 13:24:25,338 [INFO] httpx: HTTP Request: HEAD https://huggingface.co/api/resolve-cache/models/intfloat/multilingual-e5-large-instruct/274baa43b0e13e37fafa6428dbc7938e62e5c439/config.json "HTTP/1.1 200 OK"
2026-05-02 13:24:25,400 [INFO] httpx: HTTP Request: GET https://huggingface.co/api/resolve-cache/models/intfloat/multilingual-e5-large-instruct/274baa43b0e13e37fafa6428dbc7938e62e5c439/config.json "HTTP/1.1 200 OK"
2026-05-02 13:24:25,574 [INFO] httpx: HTTP Request: HEAD https://huggingface.co/intfloat/multilingual-e5-large-instruct/resolve/main/model.safetensors "HTTP/1.1 302 Found"
2026-05-02 13:24:25,739 [INFO] httpx: HTTP Request: GET https://huggingface.co/api/models/intfloat/multilingual-e5-large-instruct/xet-read-token/274baa43b0e13e37fafa6428dbc7938e62e5c439 "HTTP/1.1 200 OK"
2026-05-02 13:27:58,767 [INFO] httpx: HTTP Request: HEAD https://huggingface.co/intfloat/multilingual-e5-large-instruct/resolve/main/processor_config.json "HTTP/1.1 404 Not Found"
2026-05-02 13:27:58,933 [INFO] httpx: HTTP Request: HEAD https://huggingface.co/intfloat/multilingual-e5-large-instruct/resolve/main/preprocessor_config.json "HTTP/1.1 404 Not Found"
2026-05-02 13:27:59,101 [INFO] httpx: HTTP Request: HEAD https://huggingface.co/intfloat/multilingual-e5-large-instruct/resolve/main/video_preprocessor_config.json "HTTP/1.1 404 Not Found"
2026-05-02 13:27:59,273 [INFO] httpx: HTTP Request: HEAD https://huggingface.co/intfloat/multilingual-e5-large-instruct/resolve/main/preprocessor_config.json "HTTP/1.1 404 Not Found"
2026-05-02 13:27:59,432 [INFO] httpx: HTTP Request: HEAD https://huggingface.co/intfloat/multilingual-e5-large-instruct/resolve/main/tokenizer_config.json "HTTP/1.1 307 Temporary Redirect"
2026-05-02 13:27:59,469 [INFO] httpx: HTTP Request: HEAD https://huggingface.co/api/resolve-cache/models/intfloat/multilingual-e5-large-instruct/274baa43b0e13e37fafa6428dbc7938e62e5c439/tokenizer_config.json "HTTP/1.1 200 OK"
2026-05-02 13:27:59,509 [INFO] httpx: HTTP Request: GET https://huggingface.co/api/resolve-cache/models/intfloat/multilingual-e5-large-instruct/274baa43b0e13e37fafa6428dbc7938e62e5c439/tokenizer_config.json "HTTP/1.1 200 OK"
2026-05-02 13:27:59,673 [INFO] httpx: HTTP Request: HEAD https://huggingface.co/intfloat/multilingual-e5-large-instruct/resolve/main/config.json "HTTP/1.1 307 Temporary Redirect"
2026-05-02 13:27:59,714 [INFO] httpx: HTTP Request: HEAD https://huggingface.co/api/resolve-cache/models/intfloat/multilingual-e5-large-instruct/274baa43b0e13e37fafa6428dbc7938e62e5c439/config.json "HTTP/1.1 200 OK"
2026-05-02 13:27:59,879 [INFO] httpx: HTTP Request: HEAD https://huggingface.co/intfloat/multilingual-e5-large-instruct/resolve/main/config.json "HTTP/1.1 307 Temporary Redirect"
2026-05-02 13:27:59,916 [INFO] httpx: HTTP Request: HEAD https://huggingface.co/api/resolve-cache/models/intfloat/multilingual-e5-large-instruct/274baa43b0e13e37fafa6428dbc7938e62e5c439/config.json "HTTP/1.1 200 OK"
2026-05-02 13:28:00,079 [INFO] httpx: HTTP Request: HEAD https://huggingface.co/intfloat/multilingual-e5-large-instruct/resolve/main/tokenizer_config.json "HTTP/1.1 307 Temporary Redirect"
2026-05-02 13:28:00,115 [INFO] httpx: HTTP Request: HEAD https://huggingface.co/api/resolve-cache/models/intfloat/multilingual-e5-large-instruct/274baa43b0e13e37fafa6428dbc7938e62e5c439/tokenizer_config.json "HTTP/1.1 200 OK"
2026-05-02 13:28:00,281 [INFO] httpx: HTTP Request: GET https://huggingface.co/api/models/intfloat/multilingual-e5-large-instruct/tree/main/additional_chat_templates?recursive=false&expand=false "HTTP/1.1 404 Not Found"
2026-05-02 13:28:00,447 [INFO] httpx: HTTP Request: GET https://huggingface.co/api/models/intfloat/multilingual-e5-large-instruct/tree/main?recursive=true&expand=false "HTTP/1.1 200 OK"
2026-05-02 13:28:00,615 [INFO] httpx: HTTP Request: HEAD https://huggingface.co/intfloat/multilingual-e5-large-instruct/resolve/main/sentencepiece.bpe.model "HTTP/1.1 302 Found"
2026-05-02 13:28:02,197 [INFO] httpx: HTTP Request: HEAD https://huggingface.co/intfloat/multilingual-e5-large-instruct/resolve/main/tokenizer.json "HTTP/1.1 302 Found"
2026-05-02 13:28:03,583 [INFO] httpx: HTTP Request: HEAD https://huggingface.co/intfloat/multilingual-e5-large-instruct/resolve/main/added_tokens.json "HTTP/1.1 404 Not Found"
2026-05-02 13:28:03,745 [INFO] httpx: HTTP Request: HEAD https://huggingface.co/intfloat/multilingual-e5-large-instruct/resolve/main/special_tokens_map.json "HTTP/1.1 307 Temporary Redirect"
2026-05-02 13:28:03,781 [INFO] httpx: HTTP Request: HEAD https://huggingface.co/api/resolve-cache/models/intfloat/multilingual-e5-large-instruct/274baa43b0e13e37fafa6428dbc7938e62e5c439/special_tokens_map.json "HTTP/1.1 200 OK"
2026-05-02 13:28:03,820 [INFO] httpx: HTTP Request: GET https://huggingface.co/api/resolve-cache/models/intfloat/multilingual-e5-large-instruct/274baa43b0e13e37fafa6428dbc7938e62e5c439/special_tokens_map.json "HTTP/1.1 200 OK"
2026-05-02 13:28:03,982 [INFO] httpx: HTTP Request: HEAD https://huggingface.co/intfloat/multilingual-e5-large-instruct/resolve/main/chat_template.jinja "HTTP/1.1 404 Not Found"
2026-05-02 13:28:05,055 [INFO] httpx: HTTP Request: GET https://huggingface.co/api/models/intfloat/multilingual-e5-large-instruct "HTTP/1.1 200 OK"
2026-05-02 13:28:05,336 [INFO] httpx: HTTP Request: HEAD https://huggingface.co/intfloat/multilingual-e5-large-instruct/resolve/main/1_Pooling/config.json "HTTP/1.1 307 Temporary Redirect"
2026-05-02 13:28:05,372 [INFO] httpx: HTTP Request: HEAD https://huggingface.co/api/resolve-cache/models/intfloat/multilingual-e5-large-instruct/274baa43b0e13e37fafa6428dbc7938e62e5c439/1_Pooling%2Fconfig.json "HTTP/1.1 200 OK"
2026-05-02 13:28:05,415 [INFO] httpx: HTTP Request: GET https://huggingface.co/api/resolve-cache/models/intfloat/multilingual-e5-large-instruct/274baa43b0e13e37fafa6428dbc7938e62e5c439/1_Pooling%2Fconfig.json "HTTP/1.1 200 OK"
2026-05-02 13:28:05,599 [INFO] httpx: HTTP Request: GET https://huggingface.co/api/models/intfloat/multilingual-e5-large-instruct "HTTP/1.1 200 OK"
2026-05-02 13:28:12,652 [INFO] __main__: [e5_large_instruct] Detailed results: outputs/retrieval_results/e5_large_instruct_detailed_results.jsonl
2026-05-02 13:28:12,654 [INFO] __main__: [e5_large_instruct] recall@5=1.000 precision@5=0.668 mrr=0.896 hit@1=0.840 hit@5=1.000 hit@10=1.000
2026-05-02 13:28:12,711 [INFO] __main__: [bge_m3] Loaded 3702 embeddings (dim=1024) from outputs/embeddings/bge_m3
2026-05-02 13:28:12,713 [INFO] src.embedding_models: Loading sentence-transformers model BAAI/bge-m3 on device cpu
2026-05-02 13:28:12,940 [INFO] httpx: HTTP Request: HEAD https://huggingface.co/BAAI/bge-m3/resolve/main/modules.json "HTTP/1.1 307 Temporary Redirect"
2026-05-02 13:28:12,979 [INFO] httpx: HTTP Request: HEAD https://huggingface.co/api/resolve-cache/models/BAAI/bge-m3/5617a9f61b028005a4858fdac845db406aefb181/modules.json "HTTP/1.1 200 OK"
2026-05-02 13:28:13,020 [INFO] httpx: HTTP Request: GET https://huggingface.co/api/resolve-cache/models/BAAI/bge-m3/5617a9f61b028005a4858fdac845db406aefb181/modules.json "HTTP/1.1 200 OK"
2026-05-02 13:28:13,189 [INFO] httpx: HTTP Request: HEAD https://huggingface.co/BAAI/bge-m3/resolve/main/config_sentence_transformers.json "HTTP/1.1 307 Temporary Redirect"
2026-05-02 13:28:13,228 [INFO] httpx: HTTP Request: HEAD https://huggingface.co/api/resolve-cache/models/BAAI/bge-m3/5617a9f61b028005a4858fdac845db406aefb181/config_sentence_transformers.json "HTTP/1.1 200 OK"
2026-05-02 13:28:13,269 [INFO] httpx: HTTP Request: GET https://huggingface.co/api/resolve-cache/models/BAAI/bge-m3/5617a9f61b028005a4858fdac845db406aefb181/config_sentence_transformers.json "HTTP/1.1 200 OK"
2026-05-02 13:28:13,273 [INFO] sentence_transformers.base.model: Loading SentenceTransformer model from BAAI/bge-m3.
2026-05-02 13:28:13,437 [INFO] httpx: HTTP Request: HEAD https://huggingface.co/BAAI/bge-m3/resolve/main/config_sentence_transformers.json "HTTP/1.1 307 Temporary Redirect"
2026-05-02 13:28:13,473 [INFO] httpx: HTTP Request: HEAD https://huggingface.co/api/resolve-cache/models/BAAI/bge-m3/5617a9f61b028005a4858fdac845db406aefb181/config_sentence_transformers.json "HTTP/1.1 200 OK"
2026-05-02 13:28:13,636 [INFO] httpx: HTTP Request: HEAD https://huggingface.co/BAAI/bge-m3/resolve/main/README.md "HTTP/1.1 307 Temporary Redirect"
2026-05-02 13:28:13,672 [INFO] httpx: HTTP Request: HEAD https://huggingface.co/api/resolve-cache/models/BAAI/bge-m3/5617a9f61b028005a4858fdac845db406aefb181/README.md "HTTP/1.1 200 OK"
2026-05-02 13:28:13,708 [INFO] httpx: HTTP Request: GET https://huggingface.co/api/resolve-cache/models/BAAI/bge-m3/5617a9f61b028005a4858fdac845db406aefb181/README.md "HTTP/1.1 200 OK"
2026-05-02 13:28:13,870 [INFO] httpx: HTTP Request: HEAD https://huggingface.co/BAAI/bge-m3/resolve/main/modules.json "HTTP/1.1 307 Temporary Redirect"
2026-05-02 13:28:13,906 [INFO] httpx: HTTP Request: HEAD https://huggingface.co/api/resolve-cache/models/BAAI/bge-m3/5617a9f61b028005a4858fdac845db406aefb181/modules.json "HTTP/1.1 200 OK"
2026-05-02 13:28:14,067 [INFO] httpx: HTTP Request: HEAD https://huggingface.co/BAAI/bge-m3/resolve/main/sentence_bert_config.json "HTTP/1.1 307 Temporary Redirect"
2026-05-02 13:28:14,104 [INFO] httpx: HTTP Request: HEAD https://huggingface.co/api/resolve-cache/models/BAAI/bge-m3/5617a9f61b028005a4858fdac845db406aefb181/sentence_bert_config.json "HTTP/1.1 200 OK"
2026-05-02 13:28:14,140 [INFO] httpx: HTTP Request: GET https://huggingface.co/api/resolve-cache/models/BAAI/bge-m3/5617a9f61b028005a4858fdac845db406aefb181/sentence_bert_config.json "HTTP/1.1 200 OK"
2026-05-02 13:28:14,307 [INFO] httpx: HTTP Request: HEAD https://huggingface.co/BAAI/bge-m3/resolve/main/adapter_config.json "HTTP/1.1 404 Not Found"
2026-05-02 13:28:14,465 [INFO] httpx: HTTP Request: HEAD https://huggingface.co/BAAI/bge-m3/resolve/main/config.json "HTTP/1.1 307 Temporary Redirect"
2026-05-02 13:28:14,502 [INFO] httpx: HTTP Request: HEAD https://huggingface.co/api/resolve-cache/models/BAAI/bge-m3/5617a9f61b028005a4858fdac845db406aefb181/config.json "HTTP/1.1 200 OK"
2026-05-02 13:28:14,538 [INFO] httpx: HTTP Request: GET https://huggingface.co/api/resolve-cache/models/BAAI/bge-m3/5617a9f61b028005a4858fdac845db406aefb181/config.json "HTTP/1.1 200 OK"
2026-05-02 13:28:14,702 [INFO] httpx: HTTP Request: HEAD https://huggingface.co/BAAI/bge-m3/resolve/main/model.safetensors "HTTP/1.1 404 Not Found"
2026-05-02 13:28:14,864 [INFO] httpx: HTTP Request: HEAD https://huggingface.co/BAAI/bge-m3/resolve/main/model.safetensors.index.json "HTTP/1.1 404 Not Found"
2026-05-02 13:28:15,026 [INFO] httpx: HTTP Request: HEAD https://huggingface.co/BAAI/bge-m3/resolve/main/pytorch_model.bin "HTTP/1.1 302 Found"
2026-05-02 13:28:15,185 [INFO] httpx: HTTP Request: GET https://huggingface.co/api/models/BAAI/bge-m3/xet-read-token/5617a9f61b028005a4858fdac845db406aefb181 "HTTP/1.1 200 OK"
2026-05-02 13:33:44,426 [INFO] httpx: HTTP Request: HEAD https://huggingface.co/BAAI/bge-m3/resolve/main/model.safetensors "HTTP/1.1 404 Not Found"
2026-05-02 13:33:44,595 [INFO] httpx: HTTP Request: GET https://huggingface.co/api/models/BAAI/bge-m3 "HTTP/1.1 200 OK"
2026-05-02 13:33:44,774 [INFO] httpx: HTTP Request: GET https://huggingface.co/api/models/BAAI/bge-m3/commits/main "HTTP/1.1 200 OK"
2026-05-02 13:33:44,820 [INFO] httpx: HTTP Request: HEAD https://huggingface.co/BAAI/bge-m3/resolve/main/processor_config.json "HTTP/1.1 404 Not Found"
2026-05-02 13:33:44,957 [INFO] httpx: HTTP Request: GET https://huggingface.co/api/models/BAAI/bge-m3/discussions?p=0 "HTTP/1.1 200 OK"
2026-05-02 13:33:44,981 [INFO] httpx: HTTP Request: HEAD https://huggingface.co/BAAI/bge-m3/resolve/main/preprocessor_config.json "HTTP/1.1 404 Not Found"
2026-05-02 13:33:45,146 [INFO] httpx: HTTP Request: HEAD https://huggingface.co/BAAI/bge-m3/resolve/main/video_preprocessor_config.json "HTTP/1.1 404 Not Found"
2026-05-02 13:33:45,147 [INFO] httpx: HTTP Request: GET https://huggingface.co/api/models/BAAI/bge-m3/commits/refs%2Fpr%2F130 "HTTP/1.1 200 OK"
2026-05-02 13:33:45,308 [INFO] httpx: HTTP Request: HEAD https://huggingface.co/BAAI/bge-m3/resolve/main/preprocessor_config.json "HTTP/1.1 404 Not Found"
2026-05-02 13:33:45,312 [INFO] httpx: HTTP Request: HEAD https://huggingface.co/BAAI/bge-m3/resolve/refs%2Fpr%2F130/model.safetensors.index.json "HTTP/1.1 404 Not Found"
2026-05-02 13:33:45,468 [INFO] httpx: HTTP Request: HEAD https://huggingface.co/BAAI/bge-m3/resolve/refs%2Fpr%2F130/model.safetensors "HTTP/1.1 302 Found"
2026-05-02 13:33:45,469 [INFO] httpx: HTTP Request: HEAD https://huggingface.co/BAAI/bge-m3/resolve/main/tokenizer_config.json "HTTP/1.1 307 Temporary Redirect"
2026-05-02 13:33:45,544 [INFO] httpx: HTTP Request: HEAD https://huggingface.co/api/resolve-cache/models/BAAI/bge-m3/5617a9f61b028005a4858fdac845db406aefb181/tokenizer_config.json "HTTP/1.1 200 OK"
2026-05-02 13:33:45,612 [INFO] httpx: HTTP Request: GET https://huggingface.co/api/resolve-cache/models/BAAI/bge-m3/5617a9f61b028005a4858fdac845db406aefb181/tokenizer_config.json "HTTP/1.1 200 OK"
2026-05-02 13:33:45,642 [INFO] httpx: HTTP Request: GET https://huggingface.co/api/models/BAAI/bge-m3/xet-read-token/9a0624b896d81da7492a910ffa53731274b6cf3d "HTTP/1.1 200 OK"
2026-05-02 13:33:45,774 [INFO] httpx: HTTP Request: HEAD https://huggingface.co/BAAI/bge-m3/resolve/main/config.json "HTTP/1.1 307 Temporary Redirect"
2026-05-02 13:33:45,842 [INFO] httpx: HTTP Request: HEAD https://huggingface.co/api/resolve-cache/models/BAAI/bge-m3/5617a9f61b028005a4858fdac845db406aefb181/config.json "HTTP/1.1 200 OK"
2026-05-02 13:33:46,014 [INFO] httpx: HTTP Request: HEAD https://huggingface.co/BAAI/bge-m3/resolve/main/config.json "HTTP/1.1 307 Temporary Redirect"
2026-05-02 13:33:46,088 [INFO] httpx: HTTP Request: HEAD https://huggingface.co/api/resolve-cache/models/BAAI/bge-m3/5617a9f61b028005a4858fdac845db406aefb181/config.json "HTTP/1.1 200 OK"
2026-05-02 13:33:46,261 [INFO] httpx: HTTP Request: HEAD https://huggingface.co/BAAI/bge-m3/resolve/main/tokenizer_config.json "HTTP/1.1 307 Temporary Redirect"
2026-05-02 13:33:46,328 [INFO] httpx: HTTP Request: HEAD https://huggingface.co/api/resolve-cache/models/BAAI/bge-m3/5617a9f61b028005a4858fdac845db406aefb181/tokenizer_config.json "HTTP/1.1 200 OK"
2026-05-02 13:33:46,490 [INFO] httpx: HTTP Request: GET https://huggingface.co/api/models/BAAI/bge-m3/tree/main/additional_chat_templates?recursive=false&expand=false "HTTP/1.1 404 Not Found"
2026-05-02 13:33:46,668 [INFO] httpx: HTTP Request: GET https://huggingface.co/api/models/BAAI/bge-m3/tree/main?recursive=true&expand=false "HTTP/1.1 200 OK"
2026-05-02 13:33:46,866 [INFO] httpx: HTTP Request: HEAD https://huggingface.co/BAAI/bge-m3/resolve/main/sentencepiece.bpe.model "HTTP/1.1 302 Found"
2026-05-02 13:33:48,842 [INFO] httpx: HTTP Request: HEAD https://huggingface.co/BAAI/bge-m3/resolve/main/tokenizer.json "HTTP/1.1 302 Found"
2026-05-02 13:33:52,017 [INFO] httpx: HTTP Request: HEAD https://huggingface.co/BAAI/bge-m3/resolve/main/added_tokens.json "HTTP/1.1 404 Not Found"
2026-05-02 13:33:52,181 [INFO] httpx: HTTP Request: HEAD https://huggingface.co/BAAI/bge-m3/resolve/main/special_tokens_map.json "HTTP/1.1 307 Temporary Redirect"
2026-05-02 13:33:52,247 [INFO] httpx: HTTP Request: HEAD https://huggingface.co/api/resolve-cache/models/BAAI/bge-m3/5617a9f61b028005a4858fdac845db406aefb181/special_tokens_map.json "HTTP/1.1 200 OK"
2026-05-02 13:33:52,322 [INFO] httpx: HTTP Request: GET https://huggingface.co/api/resolve-cache/models/BAAI/bge-m3/5617a9f61b028005a4858fdac845db406aefb181/special_tokens_map.json "HTTP/1.1 200 OK"
2026-05-02 13:33:52,491 [INFO] httpx: HTTP Request: HEAD https://huggingface.co/BAAI/bge-m3/resolve/main/chat_template.jinja "HTTP/1.1 404 Not Found"
2026-05-02 13:33:53,757 [INFO] httpx: HTTP Request: GET https://huggingface.co/api/models/BAAI/bge-m3 "HTTP/1.1 200 OK"
2026-05-02 13:33:53,932 [INFO] httpx: HTTP Request: HEAD https://huggingface.co/BAAI/bge-m3/resolve/main/1_Pooling/config.json "HTTP/1.1 307 Temporary Redirect"
2026-05-02 13:33:54,000 [INFO] httpx: HTTP Request: HEAD https://huggingface.co/api/resolve-cache/models/BAAI/bge-m3/5617a9f61b028005a4858fdac845db406aefb181/1_Pooling%2Fconfig.json "HTTP/1.1 200 OK"
2026-05-02 13:33:54,077 [INFO] httpx: HTTP Request: GET https://huggingface.co/api/resolve-cache/models/BAAI/bge-m3/5617a9f61b028005a4858fdac845db406aefb181/1_Pooling%2Fconfig.json "HTTP/1.1 200 OK"
2026-05-02 13:33:54,272 [INFO] httpx: HTTP Request: GET https://huggingface.co/api/models/BAAI/bge-m3 "HTTP/1.1 200 OK"
2026-05-02 13:33:58,937 [INFO] __main__: [bge_m3] Detailed results: outputs/retrieval_results/bge_m3_detailed_results.jsonl
2026-05-02 13:33:58,940 [INFO] __main__: [bge_m3] recall@5=0.960 precision@5=0.584 mrr=0.942 hit@1=0.920 hit@5=0.960 hit@10=1.000
2026-05-02 13:33:58,994 [INFO] __main__: [mpnet_multilingual] Loaded 3702 embeddings (dim=768) from outputs/embeddings/mpnet_multilingual
2026-05-02 13:33:58,996 [INFO] src.embedding_models: Loading sentence-transformers model sentence-transformers/paraphrase-multilingual-mpnet-base-v2 on device cpu
2026-05-02 13:33:59,190 [INFO] httpx: HTTP Request: HEAD https://huggingface.co/sentence-transformers/paraphrase-multilingual-mpnet-base-v2/resolve/main/modules.json "HTTP/1.1 307 Temporary Redirect"
2026-05-02 13:33:59,324 [INFO] httpx: HTTP Request: HEAD https://huggingface.co/api/resolve-cache/models/sentence-transformers/paraphrase-multilingual-mpnet-base-v2/4328cf26390c98c5e3c738b4460a05b95f4911f5/modules.json "HTTP/1.1 200 OK"
2026-05-02 13:33:59,454 [INFO] httpx: HTTP Request: GET https://huggingface.co/api/resolve-cache/models/sentence-transformers/paraphrase-multilingual-mpnet-base-v2/4328cf26390c98c5e3c738b4460a05b95f4911f5/modules.json "HTTP/1.1 200 OK"
2026-05-02 13:33:59,623 [INFO] httpx: HTTP Request: HEAD https://huggingface.co/sentence-transformers/paraphrase-multilingual-mpnet-base-v2/resolve/main/config_sentence_transformers.json "HTTP/1.1 307 Temporary Redirect"
2026-05-02 13:33:59,747 [INFO] httpx: HTTP Request: HEAD https://huggingface.co/api/resolve-cache/models/sentence-transformers/paraphrase-multilingual-mpnet-base-v2/4328cf26390c98c5e3c738b4460a05b95f4911f5/config_sentence_transformers.json "HTTP/1.1 200 OK"
2026-05-02 13:33:59,859 [INFO] httpx: HTTP Request: GET https://huggingface.co/api/resolve-cache/models/sentence-transformers/paraphrase-multilingual-mpnet-base-v2/4328cf26390c98c5e3c738b4460a05b95f4911f5/config_sentence_transformers.json "HTTP/1.1 200 OK"
2026-05-02 13:33:59,865 [INFO] sentence_transformers.base.model: Loading SentenceTransformer model from sentence-transformers/paraphrase-multilingual-mpnet-base-v2.
2026-05-02 13:34:00,055 [INFO] httpx: HTTP Request: HEAD https://huggingface.co/sentence-transformers/paraphrase-multilingual-mpnet-base-v2/resolve/main/config_sentence_transformers.json "HTTP/1.1 307 Temporary Redirect"
2026-05-02 13:34:00,160 [INFO] httpx: HTTP Request: HEAD https://huggingface.co/api/resolve-cache/models/sentence-transformers/paraphrase-multilingual-mpnet-base-v2/4328cf26390c98c5e3c738b4460a05b95f4911f5/config_sentence_transformers.json "HTTP/1.1 200 OK"
2026-05-02 13:34:00,330 [INFO] httpx: HTTP Request: HEAD https://huggingface.co/sentence-transformers/paraphrase-multilingual-mpnet-base-v2/resolve/main/README.md "HTTP/1.1 307 Temporary Redirect"
2026-05-02 13:34:00,396 [INFO] httpx: HTTP Request: HEAD https://huggingface.co/api/resolve-cache/models/sentence-transformers/paraphrase-multilingual-mpnet-base-v2/4328cf26390c98c5e3c738b4460a05b95f4911f5/README.md "HTTP/1.1 200 OK"
2026-05-02 13:34:00,463 [INFO] httpx: HTTP Request: GET https://huggingface.co/api/resolve-cache/models/sentence-transformers/paraphrase-multilingual-mpnet-base-v2/4328cf26390c98c5e3c738b4460a05b95f4911f5/README.md "HTTP/1.1 200 OK"
2026-05-02 13:34:00,640 [INFO] httpx: HTTP Request: HEAD https://huggingface.co/sentence-transformers/paraphrase-multilingual-mpnet-base-v2/resolve/main/modules.json "HTTP/1.1 307 Temporary Redirect"
2026-05-02 13:34:00,783 [INFO] httpx: HTTP Request: HEAD https://huggingface.co/api/resolve-cache/models/sentence-transformers/paraphrase-multilingual-mpnet-base-v2/4328cf26390c98c5e3c738b4460a05b95f4911f5/modules.json "HTTP/1.1 200 OK"
2026-05-02 13:34:00,996 [INFO] httpx: HTTP Request: HEAD https://huggingface.co/sentence-transformers/paraphrase-multilingual-mpnet-base-v2/resolve/main/sentence_bert_config.json "HTTP/1.1 307 Temporary Redirect"
2026-05-02 13:34:01,096 [INFO] httpx: HTTP Request: HEAD https://huggingface.co/api/resolve-cache/models/sentence-transformers/paraphrase-multilingual-mpnet-base-v2/4328cf26390c98c5e3c738b4460a05b95f4911f5/sentence_bert_config.json "HTTP/1.1 200 OK"
2026-05-02 13:34:01,226 [INFO] httpx: HTTP Request: GET https://huggingface.co/api/resolve-cache/models/sentence-transformers/paraphrase-multilingual-mpnet-base-v2/4328cf26390c98c5e3c738b4460a05b95f4911f5/sentence_bert_config.json "HTTP/1.1 200 OK"
2026-05-02 13:34:01,838 [INFO] httpx: HTTP Request: HEAD https://huggingface.co/sentence-transformers/paraphrase-multilingual-mpnet-base-v2/resolve/main/adapter_config.json "HTTP/1.1 404 Not Found"
2026-05-02 13:34:02,016 [INFO] httpx: HTTP Request: HEAD https://huggingface.co/sentence-transformers/paraphrase-multilingual-mpnet-base-v2/resolve/main/config.json "HTTP/1.1 307 Temporary Redirect"
2026-05-02 13:34:02,084 [INFO] httpx: HTTP Request: HEAD https://huggingface.co/api/resolve-cache/models/sentence-transformers/paraphrase-multilingual-mpnet-base-v2/4328cf26390c98c5e3c738b4460a05b95f4911f5/config.json "HTTP/1.1 200 OK"
2026-05-02 13:34:02,188 [INFO] httpx: HTTP Request: GET https://huggingface.co/api/resolve-cache/models/sentence-transformers/paraphrase-multilingual-mpnet-base-v2/4328cf26390c98c5e3c738b4460a05b95f4911f5/config.json "HTTP/1.1 200 OK"
2026-05-02 13:34:02,398 [INFO] httpx: HTTP Request: HEAD https://huggingface.co/sentence-transformers/paraphrase-multilingual-mpnet-base-v2/resolve/main/model.safetensors "HTTP/1.1 302 Found"
2026-05-02 13:34:02,886 [INFO] httpx: HTTP Request: GET https://huggingface.co/api/models/sentence-transformers/paraphrase-multilingual-mpnet-base-v2/xet-read-token/4328cf26390c98c5e3c738b4460a05b95f4911f5 "HTTP/1.1 200 OK"
2026-05-02 13:40:08,733 [INFO] httpx: HTTP Request: HEAD https://huggingface.co/sentence-transformers/paraphrase-multilingual-mpnet-base-v2/resolve/main/processor_config.json "HTTP/1.1 404 Not Found"
2026-05-02 13:40:08,900 [INFO] httpx: HTTP Request: HEAD https://huggingface.co/sentence-transformers/paraphrase-multilingual-mpnet-base-v2/resolve/main/preprocessor_config.json "HTTP/1.1 404 Not Found"
2026-05-02 13:40:09,078 [INFO] httpx: HTTP Request: HEAD https://huggingface.co/sentence-transformers/paraphrase-multilingual-mpnet-base-v2/resolve/main/video_preprocessor_config.json "HTTP/1.1 404 Not Found"
2026-05-02 13:40:09,258 [INFO] httpx: HTTP Request: HEAD https://huggingface.co/sentence-transformers/paraphrase-multilingual-mpnet-base-v2/resolve/main/preprocessor_config.json "HTTP/1.1 404 Not Found"
2026-05-02 13:40:09,452 [INFO] httpx: HTTP Request: HEAD https://huggingface.co/sentence-transformers/paraphrase-multilingual-mpnet-base-v2/resolve/main/tokenizer_config.json "HTTP/1.1 307 Temporary Redirect"
2026-05-02 13:40:09,522 [INFO] httpx: HTTP Request: HEAD https://huggingface.co/api/resolve-cache/models/sentence-transformers/paraphrase-multilingual-mpnet-base-v2/4328cf26390c98c5e3c738b4460a05b95f4911f5/tokenizer_config.json "HTTP/1.1 200 OK"
2026-05-02 13:40:09,604 [INFO] httpx: HTTP Request: GET https://huggingface.co/api/resolve-cache/models/sentence-transformers/paraphrase-multilingual-mpnet-base-v2/4328cf26390c98c5e3c738b4460a05b95f4911f5/tokenizer_config.json "HTTP/1.1 200 OK"
2026-05-02 13:40:09,782 [INFO] httpx: HTTP Request: HEAD https://huggingface.co/sentence-transformers/paraphrase-multilingual-mpnet-base-v2/resolve/main/config.json "HTTP/1.1 307 Temporary Redirect"
2026-05-02 13:40:09,856 [INFO] httpx: HTTP Request: HEAD https://huggingface.co/api/resolve-cache/models/sentence-transformers/paraphrase-multilingual-mpnet-base-v2/4328cf26390c98c5e3c738b4460a05b95f4911f5/config.json "HTTP/1.1 200 OK"
2026-05-02 13:40:10,023 [INFO] httpx: HTTP Request: HEAD https://huggingface.co/sentence-transformers/paraphrase-multilingual-mpnet-base-v2/resolve/main/config.json "HTTP/1.1 307 Temporary Redirect"
2026-05-02 13:40:10,092 [INFO] httpx: HTTP Request: HEAD https://huggingface.co/api/resolve-cache/models/sentence-transformers/paraphrase-multilingual-mpnet-base-v2/4328cf26390c98c5e3c738b4460a05b95f4911f5/config.json "HTTP/1.1 200 OK"
2026-05-02 13:40:10,256 [INFO] httpx: HTTP Request: HEAD https://huggingface.co/sentence-transformers/paraphrase-multilingual-mpnet-base-v2/resolve/main/tokenizer_config.json "HTTP/1.1 307 Temporary Redirect"
2026-05-02 13:40:10,310 [INFO] httpx: HTTP Request: HEAD https://huggingface.co/api/resolve-cache/models/sentence-transformers/paraphrase-multilingual-mpnet-base-v2/4328cf26390c98c5e3c738b4460a05b95f4911f5/tokenizer_config.json "HTTP/1.1 200 OK"
2026-05-02 13:40:10,475 [INFO] httpx: HTTP Request: GET https://huggingface.co/api/models/sentence-transformers/paraphrase-multilingual-mpnet-base-v2/tree/main/additional_chat_templates?recursive=false&expand=false "HTTP/1.1 404 Not Found"
2026-05-02 13:40:10,666 [INFO] httpx: HTTP Request: GET https://huggingface.co/api/models/sentence-transformers/paraphrase-multilingual-mpnet-base-v2/tree/main?recursive=true&expand=false "HTTP/1.1 200 OK"
2026-05-02 13:40:10,872 [INFO] httpx: HTTP Request: HEAD https://huggingface.co/sentence-transformers/paraphrase-multilingual-mpnet-base-v2/resolve/main/sentencepiece.bpe.model "HTTP/1.1 302 Found"
2026-05-02 13:40:13,851 [INFO] httpx: HTTP Request: HEAD https://huggingface.co/sentence-transformers/paraphrase-multilingual-mpnet-base-v2/resolve/main/tokenizer.json "HTTP/1.1 307 Temporary Redirect"
2026-05-02 13:40:13,922 [INFO] httpx: HTTP Request: HEAD https://huggingface.co/api/resolve-cache/models/sentence-transformers/paraphrase-multilingual-mpnet-base-v2/4328cf26390c98c5e3c738b4460a05b95f4911f5/tokenizer.json "HTTP/1.1 200 OK"
2026-05-02 13:40:14,000 [INFO] httpx: HTTP Request: GET https://huggingface.co/api/resolve-cache/models/sentence-transformers/paraphrase-multilingual-mpnet-base-v2/4328cf26390c98c5e3c738b4460a05b95f4911f5/tokenizer.json "HTTP/1.1 200 OK"
2026-05-02 13:40:14,967 [INFO] httpx: HTTP Request: HEAD https://huggingface.co/sentence-transformers/paraphrase-multilingual-mpnet-base-v2/resolve/main/added_tokens.json "HTTP/1.1 404 Not Found"
2026-05-02 13:40:15,133 [INFO] httpx: HTTP Request: HEAD https://huggingface.co/sentence-transformers/paraphrase-multilingual-mpnet-base-v2/resolve/main/special_tokens_map.json "HTTP/1.1 307 Temporary Redirect"
2026-05-02 13:40:15,196 [INFO] httpx: HTTP Request: HEAD https://huggingface.co/api/resolve-cache/models/sentence-transformers/paraphrase-multilingual-mpnet-base-v2/4328cf26390c98c5e3c738b4460a05b95f4911f5/special_tokens_map.json "HTTP/1.1 200 OK"
2026-05-02 13:40:15,254 [INFO] httpx: HTTP Request: GET https://huggingface.co/api/resolve-cache/models/sentence-transformers/paraphrase-multilingual-mpnet-base-v2/4328cf26390c98c5e3c738b4460a05b95f4911f5/special_tokens_map.json "HTTP/1.1 200 OK"
2026-05-02 13:40:15,411 [INFO] httpx: HTTP Request: HEAD https://huggingface.co/sentence-transformers/paraphrase-multilingual-mpnet-base-v2/resolve/main/chat_template.jinja "HTTP/1.1 404 Not Found"
2026-05-02 13:40:16,775 [INFO] httpx: HTTP Request: GET https://huggingface.co/api/models/sentence-transformers/paraphrase-multilingual-mpnet-base-v2 "HTTP/1.1 200 OK"
2026-05-02 13:40:16,962 [INFO] httpx: HTTP Request: HEAD https://huggingface.co/sentence-transformers/paraphrase-multilingual-mpnet-base-v2/resolve/main/1_Pooling/config.json "HTTP/1.1 307 Temporary Redirect"
2026-05-02 13:40:17,020 [INFO] httpx: HTTP Request: HEAD https://huggingface.co/api/resolve-cache/models/sentence-transformers/paraphrase-multilingual-mpnet-base-v2/4328cf26390c98c5e3c738b4460a05b95f4911f5/1_Pooling%2Fconfig.json "HTTP/1.1 200 OK"
2026-05-02 13:40:17,081 [INFO] httpx: HTTP Request: GET https://huggingface.co/api/resolve-cache/models/sentence-transformers/paraphrase-multilingual-mpnet-base-v2/4328cf26390c98c5e3c738b4460a05b95f4911f5/1_Pooling%2Fconfig.json "HTTP/1.1 200 OK"
2026-05-02 13:40:17,251 [INFO] httpx: HTTP Request: GET https://huggingface.co/api/models/sentence-transformers/paraphrase-multilingual-mpnet-base-v2 "HTTP/1.1 200 OK"
2026-05-02 13:40:19,291 [INFO] __main__: [mpnet_multilingual] Detailed results: outputs/retrieval_results/mpnet_multilingual_detailed_results.jsonl
2026-05-02 13:40:19,293 [INFO] __main__: [mpnet_multilingual] recall@5=0.660 precision@5=0.244 mrr=0.456 hit@1=0.320 hit@5=0.660 hit@10=0.760
2026-05-02 13:40:19,294 [INFO] __main__: Comparison saved: outputs/reports/embedding_model_comparison.csv, outputs/reports/embedding_model_comparison.json
2026-05-02 13:40:19,294 [INFO] __main__: Best model: e5_large (highest recall_at_5 and mrr)
2026-05-02 13:40:19,294 [INFO] __main__: Best metrics: {'recall_at_5': 1.0, 'precision_at_5': 0.592, 'mrr': 0.9013, 'hit_at_1': 0.86, 'hit_at_5': 1.0, 'hit_at_10': 1.0, 'avg_query_time_ms': 5111.985, 'avg_retrieval_time_ms': 0.34}
2026-05-04 23:07:44,201 [INFO] src.io_utils: Logging to file: outputs/evaluate_models.log
2026-05-04 23:07:44,215 [INFO] src.evaluate_models: Loaded 50 evaluation queries from data/retrieval_eval_queries_v1.jsonl
2026-05-04 23:07:44,561 [INFO] src.evaluate_models: [e5_large] Loaded 3702 embeddings (dim=1024) from outputs/embeddings/e5_large
2026-05-04 23:07:44,575 [INFO] src.embedding_models: Loading sentence-transformers model intfloat/multilingual-e5-large on device cuda
2026-05-04 23:07:52,446 [INFO] src.evaluate_models: [e5_large] Detailed results: outputs/retrieval_results/e5_large_detailed_results.jsonl
2026-05-04 23:07:52,458 [INFO] src.evaluate_models: [e5_large] recall@5=1.000 precision@5=0.592 mrr=0.901 hit@1=0.860 hit@5=1.000 hit@10=1.000
2026-05-04 23:07:52,818 [INFO] src.evaluate_models: [bge_m3] Loaded 3702 embeddings (dim=1024) from outputs/embeddings/bge_m3
2026-05-04 23:07:52,832 [INFO] src.embedding_models: Loading sentence-transformers model BAAI/bge-m3 on device cuda
2026-05-04 23:08:00,696 [INFO] src.evaluate_models: [bge_m3] Detailed results: outputs/retrieval_results/bge_m3_detailed_results.jsonl
2026-05-04 23:08:00,710 [INFO] src.evaluate_models: [bge_m3] recall@5=0.960 precision@5=0.584 mrr=0.942 hit@1=0.920 hit@5=0.960 hit@10=1.000
2026-05-04 23:08:01,100 [INFO] src.evaluate_models: [mpnet_multilingual] Loaded 3702 embeddings (dim=768) from outputs/embeddings/mpnet_multilingual
2026-05-04 23:08:01,119 [INFO] src.embedding_models: Loading sentence-transformers model sentence-transformers/paraphrase-multilingual-mpnet-base-v2 on device cuda
2026-05-04 23:08:07,875 [INFO] src.evaluate_models: [mpnet_multilingual] Detailed results: outputs/retrieval_results/mpnet_multilingual_detailed_results.jsonl
2026-05-04 23:08:07,886 [INFO] src.evaluate_models: [mpnet_multilingual] recall@5=0.660 precision@5=0.244 mrr=0.456 hit@1=0.320 hit@5=0.660 hit@10=0.760
2026-05-04 23:08:07,906 [INFO] src.evaluate_models: Comparison saved: outputs/reports/embedding_model_comparison.csv, outputs/reports/embedding_model_comparison.json
2026-05-04 23:08:07,915 [INFO] src.evaluate_models: Best model: e5_large (highest recall_at_5)
2026-05-04 23:08:07,917 [INFO] src.evaluate_models: Best metrics: {'recall_at_5': 1.0, 'precision_at_5': 0.592, 'mrr': 0.9013, 'hit_at_1': 0.86, 'hit_at_5': 1.0, 'hit_at_10': 1.0, 'avg_query_time_ms': 156.348, 'avg_retrieval_time_ms': 0.342}
2026-05-04 23:17:16,371 [INFO] src.io_utils: Logging to file: outputs/evaluate_models.log
2026-05-04 23:17:16,389 [INFO] src.evaluate_models: Loaded 65 evaluation queries from data/retrieval_eval_queries_plus_hard_v1.jsonl
2026-05-04 23:17:16,784 [INFO] src.evaluate_models: [e5_large] Loaded 3702 embeddings (dim=1024) from outputs/embeddings/e5_large
2026-05-04 23:17:16,803 [INFO] src.embedding_models: Loading sentence-transformers model intfloat/multilingual-e5-large on device cuda
2026-05-04 23:17:25,594 [INFO] src.evaluate_models: [e5_large] Detailed results: outputs/retrieval_results/e5_large_detailed_results.jsonl
2026-05-04 23:17:25,604 [INFO] src.evaluate_models: [e5_large] recall@5=0.985 precision@5=0.575 mrr=0.870 hit@1=0.800 hit@5=0.985 hit@10=0.985
2026-05-04 23:17:26,016 [INFO] src.evaluate_models: [bge_m3] Loaded 3702 embeddings (dim=1024) from outputs/embeddings/bge_m3
2026-05-04 23:17:26,034 [INFO] src.embedding_models: Loading sentence-transformers model BAAI/bge-m3 on device cuda
2026-05-04 23:17:34,640 [INFO] src.evaluate_models: [bge_m3] Detailed results: outputs/retrieval_results/bge_m3_detailed_results.jsonl
2026-05-04 23:17:34,652 [INFO] src.evaluate_models: [bge_m3] recall@5=0.954 precision@5=0.557 mrr=0.892 hit@1=0.846 hit@5=0.954 hit@10=1.000
2026-05-04 23:17:35,066 [INFO] src.evaluate_models: [mpnet_multilingual] Loaded 3702 embeddings (dim=768) from outputs/embeddings/mpnet_multilingual
2026-05-04 23:17:35,082 [INFO] src.embedding_models: Loading sentence-transformers model sentence-transformers/paraphrase-multilingual-mpnet-base-v2 on device cuda
2026-05-04 23:17:42,408 [INFO] src.evaluate_models: [mpnet_multilingual] Detailed results: outputs/retrieval_results/mpnet_multilingual_detailed_results.jsonl
2026-05-04 23:17:42,419 [INFO] src.evaluate_models: [mpnet_multilingual] recall@5=0.631 precision@5=0.228 mrr=0.436 hit@1=0.292 hit@5=0.631 hit@10=0.739
2026-05-04 23:17:42,439 [INFO] src.evaluate_models: Comparison saved: outputs/reports/embedding_model_comparison.csv, outputs/reports/embedding_model_comparison.json
2026-05-04 23:17:42,448 [INFO] src.evaluate_models: Best model: e5_large (highest recall_at_5)
2026-05-04 23:17:42,451 [INFO] src.evaluate_models: Best metrics: {'recall_at_5': 0.9846, 'precision_at_5': 0.5754, 'mrr': 0.8703, 'hit_at_1': 0.8, 'hit_at_5': 0.9846, 'hit_at_10': 0.9846, 'avg_query_time_ms': 134.308, 'avg_retrieval_time_ms': 0.299}
2026-05-04 23:18:20,194 [INFO] src.io_utils: Logging to file: outputs/evaluate_models.log
2026-05-04 23:18:20,218 [INFO] src.evaluate_models: Loaded 65 evaluation queries from data/retrieval_eval_queries_plus_hard_v1.jsonl
2026-05-04 23:18:20,581 [INFO] src.evaluate_models: [e5_large] Loaded 3702 embeddings (dim=1024) from outputs/embeddings/e5_large
2026-05-04 23:18:20,597 [INFO] src.embedding_models: Loading sentence-transformers model intfloat/multilingual-e5-large on device cuda
2026-05-04 23:18:29,202 [INFO] src.evaluate_models: [e5_large] Detailed results: outputs/retrieval_results/e5_large_detailed_results.jsonl
2026-05-04 23:18:29,214 [INFO] src.evaluate_models: [e5_large] recall@5=0.985 precision@5=0.575 mrr=0.870 hit@1=0.800 hit@5=0.985 hit@10=0.985
2026-05-04 23:18:29,576 [INFO] src.evaluate_models: [bge_m3] Loaded 3702 embeddings (dim=1024) from outputs/embeddings/bge_m3
2026-05-04 23:18:29,593 [INFO] src.embedding_models: Loading sentence-transformers model BAAI/bge-m3 on device cuda
2026-05-04 23:18:37,879 [INFO] src.evaluate_models: [bge_m3] Detailed results: outputs/retrieval_results/bge_m3_detailed_results.jsonl
2026-05-04 23:18:37,891 [INFO] src.evaluate_models: [bge_m3] recall@5=0.954 precision@5=0.557 mrr=0.892 hit@1=0.846 hit@5=0.954 hit@10=1.000
2026-05-04 23:18:38,258 [INFO] src.evaluate_models: [mpnet_multilingual] Loaded 3702 embeddings (dim=768) from outputs/embeddings/mpnet_multilingual
2026-05-04 23:18:38,271 [INFO] src.embedding_models: Loading sentence-transformers model sentence-transformers/paraphrase-multilingual-mpnet-base-v2 on device cuda
2026-05-04 23:18:45,717 [INFO] src.evaluate_models: [mpnet_multilingual] Detailed results: outputs/retrieval_results/mpnet_multilingual_detailed_results.jsonl
2026-05-04 23:18:45,730 [INFO] src.evaluate_models: [mpnet_multilingual] recall@5=0.631 precision@5=0.228 mrr=0.436 hit@1=0.292 hit@5=0.631 hit@10=0.739
2026-05-04 23:18:46,088 [INFO] src.evaluate_models: [e5_large_instruct] Loaded 3702 embeddings (dim=1024) from outputs/embeddings/e5_large_instruct
2026-05-04 23:18:46,106 [INFO] src.embedding_models: Loading sentence-transformers model intfloat/multilingual-e5-large-instruct on device cuda
2026-05-04 23:18:54,978 [INFO] src.evaluate_models: [e5_large_instruct] Detailed results: outputs/retrieval_results/e5_large_instruct_detailed_results.jsonl
2026-05-04 23:18:54,990 [INFO] src.evaluate_models: [e5_large_instruct] recall@5=0.985 precision@5=0.655 mrr=0.866 hit@1=0.800 hit@5=0.985 hit@10=0.985
2026-05-04 23:18:55,010 [INFO] src.evaluate_models: Comparison saved: outputs/reports/embedding_model_comparison.csv, outputs/reports/embedding_model_comparison.json
2026-05-04 23:18:55,020 [INFO] src.evaluate_models: Best model: e5_large (highest recall_at_5 and mrr)
2026-05-04 23:18:55,027 [INFO] src.evaluate_models: Best metrics: {'recall_at_5': 0.9846, 'precision_at_5': 0.5754, 'mrr': 0.8703, 'hit_at_1': 0.8, 'hit_at_5': 0.9846, 'hit_at_10': 0.9846, 'avg_query_time_ms': 131.451, 'avg_retrieval_time_ms': 0.267}
